---
source: crates/oxc_semantic/tests/cfg.rs
expression: output.basic_blocks_printed()
input_file: crates/oxc_semantic/tests/cfg_fixtures/fn_return_obj_expr_with_computed_key.js
---
bb0: {

}

bb1: {
	$0 = Constant(<1>)
	$1 = Reference(<f>)
	$2 = $0 + $1
	$3 = Constant(<3>)
	$4 = Constant(<2>)
	$5 = Constant(<4>)
	$return = ObjectMadeWithExpressions{$2, $3, $4, $5}
}

bb2: {
	Unreachable()
}

bb3: {
	$6 = Function{}
}
