---
source: crates/oxc_semantic/tests/cfg.rs
expression: output.basic_blocks_printed()
input_file: crates/oxc_semantic/tests/cfg_fixtures/index_into_object_with_symbol_as_arg.js
---
bb0: {
	$1 = Reference(<Reflect>)
	$0 = $1.apply
	$4 = ObjectMadeWithExpressions{}
	$2 = Reference(<Symbol>)
	$3 = $2()
	$5 = $4[$3]
	$6 = Reference(<baz>)
	$7 = ArrayMadeWithExpressions[]
	$8 = $0($5, $6, $7)
}
