---
source: crates/oxc_semantic/tests/cfg.rs
expression: output.basic_blocks_printed()
input_file: crates/oxc_semantic/tests/cfg_fixtures/while.js
---
bb0: {

}

bb1: {

}

bb2: {
	$0 = Constant(<0>)
}

bb3: {
	$1 = Constant(<1>)
	$3 = $0 || $1
}

bb4: {
	$2 = $0
}

bb5: {

}

bb6: {
	$return = Constant(<1>)
}

bb7: {
	Unreachable()
}

bb8: {
	$return = Constant(<3>)
}

bb9: {
	Unreachable()
}

bb10: {
	$4 = Function{}
}
