---
source: crates/oxc_semantic/tests/cfg.rs
expression: output.basic_blocks_printed()
input_file: crates/oxc_semantic/tests/cfg_fixtures/template_literal.js
---
bb0: {
	$1 = Reference(<apple>)
	$2 = $1()
	$0 = TaggedTemplateMadeWithExpressions{$2}
	$3 = $0()
}
