---
source: crates/oxc_parser/tests/ts.rs
expression: snapshot_str
info: Correctly fails to parse
input_file: crates/oxc_parser/tests/fixtures/ts/true_fail/var_decl_empty_assignment.ts
---
============= ERRORS =============
- error: Unexpected token (offset: 17, len: 0)

============= PROGRAM =============
{
  "type": "Program",
  "start": 0,
  "end": 0,
  "sourceType": {
    "language": "typescript",
    "moduleKind": "module",
    "variant": "standard",
    "alwaysStrict": false
  },
  "directives": [],
  "hashbang": null,
  "body": []
}
