---
source: crates/oxc_semantic/tests/integration/cfg.rs
expression: output.basic_blocks_printed()
input_file: crates/oxc_semantic/tests/integration/cfg_fixtures/labelled_try_break.js
---
bb0: {
	statement
}

bb1: {
	statement
	statement
}

bb2: {
	statement
	statement
	return <value>
}

bb3: {
	statement
}

bb4: {
	unreachable
}

bb5: {
	unreachable
	break
}

bb6: {
	unreachable
}

bb7: {
	statement
}

bb8: {
	unreachable
	break
}

bb9: {
	statement
	return <value>
}

bb10: {
	unreachable
}

bb11: {

}
