---
source: crates/oxc_semantic/tests/integration/cfg.rs
expression: output.cfg_dot_diagram()
input_file: crates/oxc_semantic/tests/integration/cfg_fixtures/labelled_try_break.js
---
digraph {
    0 [ label = "VariableDeclaration" ]
    1 [ label = "LabeledStatement\nTryStatement" ]
    2 [ label = "BlockStatement\nReturnStatement\nreturn <value>" ]
    3 [ label = "BreakStatement" ]
    4 [ label = "unreachable" ]
    5 [ label = "unreachable\nbreak" ]
    6 [ label = "unreachable" ]
    7 [ label = "BreakStatement" ]
    8 [ label = "unreachable\nbreak" ]
    9 [ label = "ReturnStatement\nreturn <value>" ]
    10 [ label = "unreachable" ]
    11 [ label = "" ]
    0 -> 1 [ label = NewFunction ]
    1 -> 2 [ label = Normal ]
    1 -> 3 [ label = Normal ]
    4 -> 3 [ label = Normal ]
    2 -> 4 [ label = Unreachable , style = "dotted" ]
    4 -> 3 [ label = Normal ]
    3 -> 5 [ label = Unreachable , style = "dotted" ]
    5 -> 6 [ label = Unreachable , style = "dotted" ]
    4 -> 7 [ label = Normal ]
    7 -> 8 [ label = Unreachable , style = "dotted" ]
    8 -> 9 [ label = Normal ]
    3 -> 9 [ label = Normal ]
    7 -> 9 [ label = Normal ]
    9 -> 10 [ label = Unreachable , style = "dotted" ]
    0 -> 11 [ label = Normal ]
}
