---
source: crates/oxc_semantic/tests/integration/cfg.rs
expression: output.cfg_dot_diagram()
input_file: crates/oxc_semantic/tests/integration/cfg_fixtures/if_stmt_in_for_in.js
---
digraph {
    0 [ label = "" ]
    1 [ label = "ForInStatement\nVariableDeclaration" ]
    2 [ label = "" ]
    3 [ label = "" ]
    4 [ label = "BlockStatement\nIfStatement" ]
    5 [ label = "BlockStatement\nExpressionStatement\nBreakStatement" ]
    6 [ label = "unreachable\nbreak" ]
    7 [ label = "IfStatement" ]
    8 [ label = "BlockStatement\nExpressionStatement\nContinueStatement" ]
    9 [ label = "unreachable" ]
    10 [ label = "unreachable" ]
    11 [ label = "" ]
    12 [ label = "ExpressionStatement\nExpressionStatement" ]
    13 [ label = "ExpressionStatement" ]
    14 [ label = "" ]
    0 -> 1 [ label = NewFunction ]
    5 -> 6 [ label = Unreachable , style = "dotted" ]
    5 -> 6 [ label = Normal ]
    8 -> 9 [ label = Unreachable , style = "dotted" ]
    9 -> 10 [ label = Unreachable , style = "dotted" ]
    8 -> 10 [ label = Normal ]
    10 -> 11 [ label = Normal ]
    7 -> 8 [ label = Normal ]
    7 -> 11 [ label = Normal ]
    6 -> 12 [ label = Normal ]
    4 -> 5 [ label = Normal ]
    4 -> 7 [ label = Normal ]
    11 -> 12 [ label = Normal ]
    1 -> 2 [ label = Normal ]
    2 -> 3 [ label = Normal ]
    3 -> 4 [ label = Normal ]
    12 -> 3 [ label = Backedge ]
    3 -> 13 [ label = Normal ]
    9 -> 3 [ label = Normal ]
    0 -> 14 [ label = Normal ]
}
