---
source: crates/oxc_semantic/tests/integration/cfg.rs
expression: output.basic_blocks_printed()
input_file: crates/oxc_semantic/tests/integration/cfg_fixtures/switch_in_while.js
---
bb0: {
	statement
}

bb1: {

}

bb2: {
	statement
	statement
}

bb3: {

}

bb4: {
	statement
	statement
}

bb5: {
	unreachable
}

bb6: {
	unreachable
}

bb7: {

}

bb8: {
	statement
}

bb9: {

}
