---
source: crates/oxc_semantic/tests/integration/cfg.rs
expression: output.basic_blocks_printed()
input_file: crates/oxc_semantic/tests/integration/cfg_fixtures/switch_statement.js
---
bb0: {

}

bb1: {
	statement
}

bb2: {

}

bb3: {
	statement
	statement
}

bb4: {
	unreachable
	break
}

bb5: {

}

bb6: {
	statement
}

bb7: {

}

bb8: {
	statement
	statement
}

bb9: {
	unreachable
	break
}

bb10: {

}

bb11: {
	statement
	statement
	statement
	statement
	statement
	return <value>
}

bb12: {
	unreachable
}

bb13: {

}

bb14: {
	statement
	statement
	statement
}

bb15: {

}

bb16: {
	statement
	statement
	return <value>
}

bb17: {
	unreachable
	statement
	statement
	return <value>
}

bb18: {
	unreachable
}

bb19: {

}
