---
source: crates/oxc_semantic/tests/integration/cfg.rs
expression: output.cfg_dot_diagram()
input_file: crates/oxc_semantic/tests/integration/cfg_fixtures/do_while_break.js
---
digraph {
    0 [ label = "statement" ]
    1 [ label = "statement" ]
    2 [ label = "statement" ]
    3 [ label = "statement" ]
    4 [ label = "statement\nstatement" ]
    5 [ label = "unreachable\nbreak" ]
    6 [ label = "" ]
    7 [ label = "" ]
    8 [ label = "unreachable" ]
    9 [ label = "statement" ]
    10 [ label = "statement\nstatement" ]
    11 [ label = "unreachable\nbreak" ]
    12 [ label = "" ]
    13 [ label = "" ]
    14 [ label = "" ]
    15 [ label = "" ]
    0 -> 1 [ label = NewFunction ]
    1 -> 2 [ label = Normal ]
    1 -> 3 [ label = Normal ]
    2 -> 3 [ label = Normal ]
    4 -> 5 [ label = Unreachable , style = "dotted" ]
    4 -> 5 [ label = Normal ]
    3 -> 6 [ label = Normal ]
    4 -> 6 [ label = Backedge ]
    6 -> 7 [ label = Normal ]
    6 -> 4 [ label = Normal ]
    7 -> 8 [ label = Unreachable , style = "dotted" ]
    2 -> 9 [ label = Normal ]
    10 -> 11 [ label = Unreachable , style = "dotted" ]
    10 -> 11 [ label = Normal ]
    9 -> 12 [ label = Normal ]
    10 -> 12 [ label = Backedge ]
    12 -> 13 [ label = Normal ]
    12 -> 10 [ label = Normal ]
    13 -> 14 [ label = Normal ]
    0 -> 15 [ label = Normal ]
}
