---
source: crates/oxc_semantic/tests/integration/cfg.rs
expression: output.basic_blocks_printed()
input_file: crates/oxc_semantic/tests/integration/cfg_fixtures/while.js
---
bb0: {

}

bb1: {

}

bb2: {

}

bb3: {

}

bb4: {

}

bb5: {
	return <value>
}

bb6: {
	Unreachable
}

bb7: {
	return <value>
}

bb8: {
	Unreachable
}

bb9: {

}
