---
source: crates/oxc_semantic/tests/integration/cfg.rs
expression: output.cfg_dot_diagram()
input_file: crates/oxc_semantic/tests/integration/cfg_fixtures/if_else.js
---
digraph {
    0 [ label = ""]
    1 [ label = ""]
    2 [ label = ""]
    3 [ label = ""]
    4 [ label = "return <value>"]
    5 [ label = "Unreachable()"]
    6 [ label = "return <value>"]
    7 [ label = "Unreachable()"]
    8 [ label = "return <value>"]
    9 [ label = "Unreachable()"]
    10 [ label = ""]
    0 -> 1 [ ]
    1 -> 2 [ ]
    1 -> 3 [ ]
    2 -> 3 [ ]
    4 -> 5 [ ]
    6 -> 7 [ ]
    5 -> 8 [ ]
    3 -> 4 [ ]
    3 -> 6 [ ]
    7 -> 8 [ ]
    8 -> 9 [ ]
    0 -> 10 [ ]
}
